<?xml version="1.0" encoding="UTF-8"?><mappingRoot xmlns="http://www.ibm.com/2008/ccl/Mapping" domainID="com.ibm.msl.mapping.xml" domainIDExtension="mb" mainMap="true" targetNamespace="default" version="8.0.5.0" xmlns:map="default">
    <input path="jar:file://!com/ibm/etools/mft/map/xsds/predefined/JsonDomainMsg.xsd" var="var2"/>
    <input derivedFrom="MB:JSON_schema_in_swagger_document" path="/swagger.json" var="var3"/>
    <output path="/createcustomer_inline_schema.xsd"/>
    <namespaces>
        <namespace kind="supplement" prefix="in" uri="http://www.ibm.com/iib/msl/json"/>
        <namespace kind="supplement" prefix="out" uri="http://ibm.com/CustomerDetails/"/>
    </namespaces>
    <generation engine="xquery"/>
    <mappingDeclaration name="postCreatecustomer_JSONtoSOAP">
        <input namespace="http://www.ibm.com/iib/msl/json" path="$var2/mb:msg(JSON,assembly,JSON,Properties)">
            <cast derivedFrom="MB:JSON_operation_request" path="JSON/Data/type('anyType')" qualifier="{http://www.ibm.com/iib/msl/json}customerRequest" ref="var3"/>
        </input>
        <output namespace="http://ibm.com/CustomerDetails/" path="mb:msg(customer_details,assembly,XMLNSC,Properties)" var="ComIbmMessageAssembly_customer_details"/>
        <assign value="IBM">
            <output path="$ComIbmMessageAssembly_customer_details/customer_details/service_header/brand"/>
        </assign>
        <move>
            <input path="JSON/spath('Data',2)/firstName"/>
            <output path="$ComIbmMessageAssembly_customer_details/customer_details/first_name"/>
        </move>
        <move>
            <input path="JSON/spath('Data',2)/lastName"/>
            <output path="$ComIbmMessageAssembly_customer_details/customer_details/last_name"/>
        </move>
        <move>
            <input path="JSON/spath('Data',2)/address"/>
            <output path="$ComIbmMessageAssembly_customer_details/customer_details/address"/>
        </move>
    </mappingDeclaration>
</mappingRoot>