<?xml version="1.0" encoding="UTF-8"?><mappingRoot xmlns="http://www.ibm.com/2008/ccl/Mapping" domainID="com.ibm.msl.mapping.xml" domainIDExtension="mb" mainMap="true" targetNamespace="default" version="8.0.5.0" xmlns:map="default">
    <input path="jar:file://!com/ibm/etools/mft/map/xsds/predefined/JsonDomainMsg.xsd" var="var"/>
    <input derivedFrom="MB:JSON_schema_in_swagger_document" path="/swagger.json" var="var1"/>
    <output path="/customerDetails_InlineSchema1.xsd"/>
    <namespaces>
        <namespace kind="supplement" prefix="in" uri="http://www.ibm.com/iib/msl/json"/>
        <namespace kind="supplement" prefix="out" uri="http://ibm.com/CustomerDetails/"/>
    </namespaces>
    <generation engine="xquery"/>
    <mappingDeclaration name="postCreatecustomer_JSONtoSOAP">
        <input namespace="http://www.ibm.com/iib/msl/json" path="$var/mb:msg(JSON,assembly,JSON,Properties)" var="MessageAssembly">
            <cast derivedFrom="MB:JSON_operation_request" path="$MessageAssembly/JSON/Data/type('anyType')" qualifier="{http://www.ibm.com/iib/msl/json}customer_details" ref="var1"/>
        </input>
        <output namespace="http://ibm.com/CustomerDetails/" path="mb:msg(customerDetailsRequest,assembly,XMLNSC,Properties)" var="MessageAssembly1"/>
        <move>
            <input path="$MessageAssembly/JSON/spath('Data',2)/service_header/brand"/>
            <output path="$MessageAssembly1/customerDetailsRequest/customer_details/service_header/brand"/>
        </move>
        <move>
            <input path="$MessageAssembly/JSON/spath('Data',2)/personal_details/name_details/first_name"/>
            <output path="$MessageAssembly1/customerDetailsRequest/customer_details/personal_details/name_details/first_name"/>
        </move>
        <move>
            <input path="$MessageAssembly/JSON/spath('Data',2)/personal_details/name_details/last_name"/>
            <output path="$MessageAssembly1/customerDetailsRequest/customer_details/personal_details/name_details/last_name"/>
        </move>
        <move>
            <input path="$MessageAssembly/JSON/spath('Data',2)/personal_details/contact_details/phone"/>
            <output path="$MessageAssembly1/customerDetailsRequest/customer_details/personal_details/contact_details/phone"/>
        </move>
        <move>
            <input path="$MessageAssembly/JSON/spath('Data',2)/personal_details/contact_details/address"/>
            <output path="$MessageAssembly1/customerDetailsRequest/customer_details/personal_details/contact_details/address"/>
        </move>
    </mappingDeclaration>
</mappingRoot>